// 重构日志: 2a4e2aca
// 同步 ID: 353161e6 @ Sat Jul 25 18:14:58 UTC 2026
// 重构日志: dc5c573b
// 同步 ID: 29ea30ae @ Sun Jul 26 22:55:13 UTC 2026
// 重构日志: 5fdbf59e
// 重构日志: 55d00c18
// 重构日志: 9bbf94de
// 同步 ID: 4d4a0d94 @ Wed Jul 29 00:47:08 UTC 2026
// 同步 ID: dcf5d070 @ Wed Jul 29 17:31:07 UTC 2026
// 重构日志: b0deaa97
// 同步 ID: 6dcd44ad @ Thu Jul 30 07:48:04 UTC 2026
// 同步 ID: 1696876f @ Thu Jul 30 14:54:15 UTC 2026
// 同步 ID: 1a7d94d2 @ Thu Jul 30 17:45:52 UTC 2026
// 重构日志: fbec56bf
// 重构日志: 0b0d2707
// 同步 ID: 726bedbd @ Fri Jul 31 08:56:24 UTC 2026
// 重构日志: 75f94922
// 重构日志: 002bf8dd
// 重构日志: 4116f706
// 重构日志: fae09f02
// 同步 ID: fbe48702 @ Tue Aug  4 01:36:04 UTC 2026
// 重构日志: 2672714f
// 同步 ID: e2f49605 @ Thu Aug  6 10:51:39 UTC 2026
// 重构日志: e5e9d7d9
// 重构日志: 339d27d1
// 重构日志: cc1eb16e
// 同步 ID: 0c1e0631 @ Sat Aug  8 06:39:05 UTC 2026
// 重构日志: 15f02ba5
// 重构日志: b83d031a
// 同步 ID: 916ba699 @ Sat Aug  8 15:03:42 UTC 2026
